Analysis & Synthesis report for Add_Sub_Mul_Div_Accum_Lab4
Tue Apr 30 21:03:31 2019
Quartus II 64-Bit Version 13.0.1 Build 232 06/12/2013 Service Pack 1 SJ Web Edition


---------------------
; Table of Contents ;
---------------------
  1. Legal Notice
  2. Analysis & Synthesis Summary
  3. Analysis & Synthesis Settings
  4. Parallel Compilation
  5. Analysis & Synthesis Source Files Read
  6. Analysis & Synthesis Resource Usage Summary
  7. Analysis & Synthesis Resource Utilization by Entity
  8. User-Specified and Inferred Latches
  9. General Register Statistics
 10. Parameter Settings for User Entity Instance: Arena_32bitAccumulator:inst|BUSMUX:inst7
 11. Elapsed Time Per Partition
 12. Analysis & Synthesis Messages



----------------
; Legal Notice ;
----------------
Copyright (C) 1991-2013 Altera Corporation
Your use of Altera Corporation's design tools, logic functions 
and other software and tools, and its AMPP partner logic 
functions, and any output files from any of the foregoing 
(including device programming or simulation files), and any 
associated documentation or information are expressly subject 
to the terms and conditions of the Altera Program License 
Subscription Agreement, Altera MegaCore Function License 
Agreement, or other applicable license agreement, including, 
without limitation, that your use is for the sole purpose of 
programming logic devices manufactured by Altera and sold by 
Altera or its authorized distributors.  Please refer to the 
applicable agreement for further details.



+--------------------------------------------------------------------------------------+
; Analysis & Synthesis Summary                                                         ;
+------------------------------------+-------------------------------------------------+
; Analysis & Synthesis Status        ; Successful - Tue Apr 30 21:03:31 2019           ;
; Quartus II 64-Bit Version          ; 13.0.1 Build 232 06/12/2013 SP 1 SJ Web Edition ;
; Revision Name                      ; Add_Sub_Mul_Div_Accum_Lab4                      ;
; Top-level Entity Name              ; Arena_32bitAccumulator_circuit                  ;
; Family                             ; Cyclone II                                      ;
; Total logic elements               ; 338                                             ;
;     Total combinational functions  ; 338                                             ;
;     Dedicated logic registers      ; 64                                              ;
; Total registers                    ; 64                                              ;
; Total pins                         ; 113                                             ;
; Total virtual pins                 ; 0                                               ;
; Total memory bits                  ; 0                                               ;
; Embedded Multiplier 9-bit elements ; 0                                               ;
; Total PLLs                         ; 0                                               ;
+------------------------------------+-------------------------------------------------+


+------------------------------------------------------------------------------------------------------------------------------------------+
; Analysis & Synthesis Settings                                                                                                            ;
+----------------------------------------------------------------------------+--------------------------------+----------------------------+
; Option                                                                     ; Setting                        ; Default Value              ;
+----------------------------------------------------------------------------+--------------------------------+----------------------------+
; Device                                                                     ; EP2C35F672C6                   ;                            ;
; Top-level entity name                                                      ; Arena_32bitAccumulator_circuit ; Add_Sub_Mul_Div_Accum_Lab4 ;
; Family name                                                                ; Cyclone II                     ; Cyclone IV GX              ;
; Use smart compilation                                                      ; Off                            ; Off                        ;
; Enable parallel Assembler and TimeQuest Timing Analyzer during compilation ; On                             ; On                         ;
; Enable compact report table                                                ; Off                            ; Off                        ;
; Restructure Multiplexers                                                   ; Auto                           ; Auto                       ;
; Create Debugging Nodes for IP Cores                                        ; Off                            ; Off                        ;
; Preserve fewer node names                                                  ; On                             ; On                         ;
; Disable OpenCore Plus hardware evaluation                                  ; Off                            ; Off                        ;
; Verilog Version                                                            ; Verilog_2001                   ; Verilog_2001               ;
; VHDL Version                                                               ; VHDL_1993                      ; VHDL_1993                  ;
; State Machine Processing                                                   ; Auto                           ; Auto                       ;
; Safe State Machine                                                         ; Off                            ; Off                        ;
; Extract Verilog State Machines                                             ; On                             ; On                         ;
; Extract VHDL State Machines                                                ; On                             ; On                         ;
; Ignore Verilog initial constructs                                          ; Off                            ; Off                        ;
; Iteration limit for constant Verilog loops                                 ; 5000                           ; 5000                       ;
; Iteration limit for non-constant Verilog loops                             ; 250                            ; 250                        ;
; Add Pass-Through Logic to Inferred RAMs                                    ; On                             ; On                         ;
; Infer RAMs from Raw Logic                                                  ; On                             ; On                         ;
; Parallel Synthesis                                                         ; On                             ; On                         ;
; DSP Block Balancing                                                        ; Auto                           ; Auto                       ;
; NOT Gate Push-Back                                                         ; On                             ; On                         ;
; Power-Up Don't Care                                                        ; On                             ; On                         ;
; Remove Redundant Logic Cells                                               ; Off                            ; Off                        ;
; Remove Duplicate Registers                                                 ; On                             ; On                         ;
; Ignore CARRY Buffers                                                       ; Off                            ; Off                        ;
; Ignore CASCADE Buffers                                                     ; Off                            ; Off                        ;
; Ignore GLOBAL Buffers                                                      ; Off                            ; Off                        ;
; Ignore ROW GLOBAL Buffers                                                  ; Off                            ; Off                        ;
; Ignore LCELL Buffers                                                       ; Off                            ; Off                        ;
; Ignore SOFT Buffers                                                        ; On                             ; On                         ;
; Limit AHDL Integers to 32 Bits                                             ; Off                            ; Off                        ;
; Optimization Technique                                                     ; Balanced                       ; Balanced                   ;
; Carry Chain Length                                                         ; 70                             ; 70                         ;
; Auto Carry Chains                                                          ; On                             ; On                         ;
; Auto Open-Drain Pins                                                       ; On                             ; On                         ;
; Perform WYSIWYG Primitive Resynthesis                                      ; Off                            ; Off                        ;
; Auto ROM Replacement                                                       ; On                             ; On                         ;
; Auto RAM Replacement                                                       ; On                             ; On                         ;
; Auto Shift Register Replacement                                            ; Auto                           ; Auto                       ;
; Allow Shift Register Merging across Hierarchies                            ; Auto                           ; Auto                       ;
; Auto Clock Enable Replacement                                              ; On                             ; On                         ;
; Strict RAM Replacement                                                     ; Off                            ; Off                        ;
; Allow Synchronous Control Signals                                          ; On                             ; On                         ;
; Force Use of Synchronous Clear Signals                                     ; Off                            ; Off                        ;
; Auto RAM to Logic Cell Conversion                                          ; Off                            ; Off                        ;
; Auto Resource Sharing                                                      ; Off                            ; Off                        ;
; Allow Any RAM Size For Recognition                                         ; Off                            ; Off                        ;
; Allow Any ROM Size For Recognition                                         ; Off                            ; Off                        ;
; Allow Any Shift Register Size For Recognition                              ; Off                            ; Off                        ;
; Use LogicLock Constraints during Resource Balancing                        ; On                             ; On                         ;
; Ignore translate_off and synthesis_off directives                          ; Off                            ; Off                        ;
; Timing-Driven Synthesis                                                    ; Off                            ; Off                        ;
; Report Parameter Settings                                                  ; On                             ; On                         ;
; Report Source Assignments                                                  ; On                             ; On                         ;
; Report Connectivity Checks                                                 ; On                             ; On                         ;
; Ignore Maximum Fan-Out Assignments                                         ; Off                            ; Off                        ;
; Synchronization Register Chain Length                                      ; 2                              ; 2                          ;
; PowerPlay Power Optimization                                               ; Normal compilation             ; Normal compilation         ;
; HDL message level                                                          ; Level2                         ; Level2                     ;
; Suppress Register Optimization Related Messages                            ; Off                            ; Off                        ;
; Number of Removed Registers Reported in Synthesis Report                   ; 5000                           ; 5000                       ;
; Number of Swept Nodes Reported in Synthesis Report                         ; 5000                           ; 5000                       ;
; Number of Inverted Registers Reported in Synthesis Report                  ; 100                            ; 100                        ;
; Clock MUX Protection                                                       ; On                             ; On                         ;
; Auto Gated Clock Conversion                                                ; Off                            ; Off                        ;
; Block Design Naming                                                        ; Auto                           ; Auto                       ;
; SDC constraint protection                                                  ; Off                            ; Off                        ;
; Synthesis Effort                                                           ; Auto                           ; Auto                       ;
; Shift Register Replacement - Allow Asynchronous Clear Signal               ; On                             ; On                         ;
; Pre-Mapping Resynthesis Optimization                                       ; Off                            ; Off                        ;
; Analysis & Synthesis Message Level                                         ; Medium                         ; Medium                     ;
; Disable Register Merging Across Hierarchies                                ; Auto                           ; Auto                       ;
; Resource Aware Inference For Block RAM                                     ; On                             ; On                         ;
; Synthesis Seed                                                             ; 1                              ; 1                          ;
+----------------------------------------------------------------------------+--------------------------------+----------------------------+


+------------------------------------------+
; Parallel Compilation                     ;
+----------------------------+-------------+
; Processors                 ; Number      ;
+----------------------------+-------------+
; Number detected on machine ; 4           ;
; Maximum allowed            ; 2           ;
;                            ;             ;
; Average used               ; 1.00        ;
; Maximum used               ; 1           ;
;                            ;             ;
; Usage by Processor         ; % Time Used ;
;     Processor 1            ; 100.0%      ;
;     Processors 2-4         ;   0.0%      ;
+----------------------------+-------------+


+------------------------------------------------------------------------------------------------------------------------------------------------------------------------------------------------------------------------------------------+
; Analysis & Synthesis Source Files Read                                                                                                                                                                                                   ;
+------------------------------------+-----------------+------------------------------------+------------------------------------------------------------------------------------------------------------------------------------+---------+
; File Name with User-Entered Path   ; Used in Netlist ; File Type                          ; File Name with Absolute Path                                                                                                       ; Library ;
+------------------------------------+-----------------+------------------------------------+------------------------------------------------------------------------------------------------------------------------------------+---------+
; Arena_Seg8Decoder.vhd              ; yes             ; User VHDL File                     ; C:/Users/John2/Documents/Spring 2019/CSC 342 - Organization/Labs/Arena_John/Lab 4/Quartus Files/Arena_Seg8Decoder.vhd              ;         ;
; Arena_Seg7Decoder.vhd              ; yes             ; User VHDL File                     ; C:/Users/John2/Documents/Spring 2019/CSC 342 - Organization/Labs/Arena_John/Lab 4/Quartus Files/Arena_Seg7Decoder.vhd              ;         ;
; Arena_Seg6Decoder.vhd              ; yes             ; User VHDL File                     ; C:/Users/John2/Documents/Spring 2019/CSC 342 - Organization/Labs/Arena_John/Lab 4/Quartus Files/Arena_Seg6Decoder.vhd              ;         ;
; Arena_Seg5Decoder.vhd              ; yes             ; User VHDL File                     ; C:/Users/John2/Documents/Spring 2019/CSC 342 - Organization/Labs/Arena_John/Lab 4/Quartus Files/Arena_Seg5Decoder.vhd              ;         ;
; Arena_Seg4Decoder.vhd              ; yes             ; User VHDL File                     ; C:/Users/John2/Documents/Spring 2019/CSC 342 - Organization/Labs/Arena_John/Lab 4/Quartus Files/Arena_Seg4Decoder.vhd              ;         ;
; Arena_Seg3Decoder.vhd              ; yes             ; User VHDL File                     ; C:/Users/John2/Documents/Spring 2019/CSC 342 - Organization/Labs/Arena_John/Lab 4/Quartus Files/Arena_Seg3Decoder.vhd              ;         ;
; Arena_Seg2Decoder.vhd              ; yes             ; User VHDL File                     ; C:/Users/John2/Documents/Spring 2019/CSC 342 - Organization/Labs/Arena_John/Lab 4/Quartus Files/Arena_Seg2Decoder.vhd              ;         ;
; Arena_Seg1Decoder.vhd              ; yes             ; User VHDL File                     ; C:/Users/John2/Documents/Spring 2019/CSC 342 - Organization/Labs/Arena_John/Lab 4/Quartus Files/Arena_Seg1Decoder.vhd              ;         ;
; Arena_32bitAdder.vhd               ; yes             ; User VHDL File                     ; C:/Users/John2/Documents/Spring 2019/CSC 342 - Organization/Labs/Arena_John/Lab 4/Quartus Files/Arena_32bitAdder.vhd               ;         ;
; Arena_D_FlipFlop.vhd               ; yes             ; User VHDL File                     ; C:/Users/John2/Documents/Spring 2019/CSC 342 - Organization/Labs/Arena_John/Lab 4/Quartus Files/Arena_D_FlipFlop.vhd               ;         ;
; Arena_32bitAccumulator.bdf         ; yes             ; User Block Diagram/Schematic File  ; C:/Users/John2/Documents/Spring 2019/CSC 342 - Organization/Labs/Arena_John/Lab 4/Quartus Files/Arena_32bitAccumulator.bdf         ;         ;
; Arena_32bitInput.vhd               ; yes             ; User VHDL File                     ; C:/Users/John2/Documents/Spring 2019/CSC 342 - Organization/Labs/Arena_John/Lab 4/Quartus Files/Arena_32bitInput.vhd               ;         ;
; Arena_32bitAccumulator_circuit.bdf ; yes             ; User Block Diagram/Schematic File  ; C:/Users/John2/Documents/Spring 2019/CSC 342 - Organization/Labs/Arena_John/Lab 4/Quartus Files/Arena_32bitAccumulator_circuit.bdf ;         ;
; busmux.tdf                         ; yes             ; Megafunction                       ; c:/altera/13.0sp1/quartus/libraries/megafunctions/busmux.tdf                                                                       ;         ;
; lpm_mux.inc                        ; yes             ; Megafunction                       ; c:/altera/13.0sp1/quartus/libraries/megafunctions/lpm_mux.inc                                                                      ;         ;
; lpm_mux.tdf                        ; yes             ; Megafunction                       ; c:/altera/13.0sp1/quartus/libraries/megafunctions/lpm_mux.tdf                                                                      ;         ;
; aglobal130.inc                     ; yes             ; Megafunction                       ; c:/altera/13.0sp1/quartus/libraries/megafunctions/aglobal130.inc                                                                   ;         ;
; muxlut.inc                         ; yes             ; Megafunction                       ; c:/altera/13.0sp1/quartus/libraries/megafunctions/muxlut.inc                                                                       ;         ;
; bypassff.inc                       ; yes             ; Megafunction                       ; c:/altera/13.0sp1/quartus/libraries/megafunctions/bypassff.inc                                                                     ;         ;
; altshift.inc                       ; yes             ; Megafunction                       ; c:/altera/13.0sp1/quartus/libraries/megafunctions/altshift.inc                                                                     ;         ;
; db/mux_9oc.tdf                     ; yes             ; Auto-Generated Megafunction        ; C:/Users/John2/Documents/Spring 2019/CSC 342 - Organization/Labs/Arena_John/Lab 4/Quartus Files/db/mux_9oc.tdf                     ;         ;
+------------------------------------+-----------------+------------------------------------+------------------------------------------------------------------------------------------------------------------------------------+---------+


+-------------------------------------------------------------+
; Analysis & Synthesis Resource Usage Summary                 ;
+---------------------------------------------+---------------+
; Resource                                    ; Usage         ;
+---------------------------------------------+---------------+
; Estimated Total logic elements              ; 338           ;
;                                             ;               ;
; Total combinational functions               ; 338           ;
; Logic element usage by number of LUT inputs ;               ;
;     -- 4 input functions                    ; 164           ;
;     -- 3 input functions                    ; 151           ;
;     -- <=2 input functions                  ; 23            ;
;                                             ;               ;
; Logic elements by mode                      ;               ;
;     -- normal mode                          ; 338           ;
;     -- arithmetic mode                      ; 0             ;
;                                             ;               ;
; Total registers                             ; 64            ;
;     -- Dedicated logic registers            ; 64            ;
;     -- I/O registers                        ; 0             ;
;                                             ;               ;
; I/O pins                                    ; 113           ;
; Embedded Multiplier 9-bit elements          ; 0             ;
; Maximum fan-out node                        ; Arena_sub_add ;
; Maximum fan-out                             ; 98            ;
; Total fan-out                               ; 1373          ;
; Average fan-out                             ; 2.67          ;
+---------------------------------------------+---------------+


+----------------------------------------------------------------------------------------------------------------------------------------------------------------------------------------------------------------------------------------------------------------------------------+
; Analysis & Synthesis Resource Utilization by Entity                                                                                                                                                                                                                              ;
+--------------------------------------+-------------------+--------------+-------------+--------------+---------+-----------+------+--------------+----------------------------------------------------------------------------------------------------------------+--------------+
; Compilation Hierarchy Node           ; LC Combinationals ; LC Registers ; Memory Bits ; DSP Elements ; DSP 9x9 ; DSP 18x18 ; Pins ; Virtual Pins ; Full Hierarchy Name                                                                                            ; Library Name ;
+--------------------------------------+-------------------+--------------+-------------+--------------+---------+-----------+------+--------------+----------------------------------------------------------------------------------------------------------------+--------------+
; |Arena_32bitAccumulator_circuit      ; 338 (0)           ; 64 (0)       ; 0           ; 0            ; 0       ; 0         ; 113  ; 0            ; |Arena_32bitAccumulator_circuit                                                                                ; work         ;
;    |Arena_32bitAccumulator:inst|     ; 250 (0)           ; 64 (64)      ; 0           ; 0            ; 0       ; 0         ; 0    ; 0            ; |Arena_32bitAccumulator_circuit|Arena_32bitAccumulator:inst                                                    ; work         ;
;       |Arena_32bitAdder:inst|        ; 216 (216)         ; 0 (0)        ; 0           ; 0            ; 0       ; 0         ; 0    ; 0            ; |Arena_32bitAccumulator_circuit|Arena_32bitAccumulator:inst|Arena_32bitAdder:inst                              ; work         ;
;       |Arena_D_FlipFlop:inst5|       ; 1 (1)             ; 0 (0)        ; 0           ; 0            ; 0       ; 0         ; 0    ; 0            ; |Arena_32bitAccumulator_circuit|Arena_32bitAccumulator:inst|Arena_D_FlipFlop:inst5                             ; work         ;
;       |Arena_D_FlipFlop:inst6|       ; 1 (1)             ; 0 (0)        ; 0           ; 0            ; 0       ; 0         ; 0    ; 0            ; |Arena_32bitAccumulator_circuit|Arena_32bitAccumulator:inst|Arena_D_FlipFlop:inst6                             ; work         ;
;       |busmux:inst7|                 ; 32 (0)            ; 0 (0)        ; 0           ; 0            ; 0       ; 0         ; 0    ; 0            ; |Arena_32bitAccumulator_circuit|Arena_32bitAccumulator:inst|busmux:inst7                                       ; work         ;
;          |lpm_mux:$00000|            ; 32 (0)            ; 0 (0)        ; 0           ; 0            ; 0       ; 0         ; 0    ; 0            ; |Arena_32bitAccumulator_circuit|Arena_32bitAccumulator:inst|busmux:inst7|lpm_mux:$00000                        ; work         ;
;             |mux_9oc:auto_generated| ; 32 (32)           ; 0 (0)        ; 0           ; 0            ; 0       ; 0         ; 0    ; 0            ; |Arena_32bitAccumulator_circuit|Arena_32bitAccumulator:inst|busmux:inst7|lpm_mux:$00000|mux_9oc:auto_generated ; work         ;
;    |Arena_32bitInput:inst2|          ; 32 (32)           ; 0 (0)        ; 0           ; 0            ; 0       ; 0         ; 0    ; 0            ; |Arena_32bitAccumulator_circuit|Arena_32bitInput:inst2                                                         ; work         ;
;    |Arena_Seg1Decoder:inst1|         ; 7 (7)             ; 0 (0)        ; 0           ; 0            ; 0       ; 0         ; 0    ; 0            ; |Arena_32bitAccumulator_circuit|Arena_Seg1Decoder:inst1                                                        ; work         ;
;    |Arena_Seg2Decoder:inst3|         ; 7 (7)             ; 0 (0)        ; 0           ; 0            ; 0       ; 0         ; 0    ; 0            ; |Arena_32bitAccumulator_circuit|Arena_Seg2Decoder:inst3                                                        ; work         ;
;    |Arena_Seg3Decoder:inst4|         ; 7 (7)             ; 0 (0)        ; 0           ; 0            ; 0       ; 0         ; 0    ; 0            ; |Arena_32bitAccumulator_circuit|Arena_Seg3Decoder:inst4                                                        ; work         ;
;    |Arena_Seg4Decoder:inst5|         ; 7 (7)             ; 0 (0)        ; 0           ; 0            ; 0       ; 0         ; 0    ; 0            ; |Arena_32bitAccumulator_circuit|Arena_Seg4Decoder:inst5                                                        ; work         ;
;    |Arena_Seg5Decoder:inst19|        ; 7 (7)             ; 0 (0)        ; 0           ; 0            ; 0       ; 0         ; 0    ; 0            ; |Arena_32bitAccumulator_circuit|Arena_Seg5Decoder:inst19                                                       ; work         ;
;    |Arena_Seg6Decoder:inst22|        ; 7 (7)             ; 0 (0)        ; 0           ; 0            ; 0       ; 0         ; 0    ; 0            ; |Arena_32bitAccumulator_circuit|Arena_Seg6Decoder:inst22                                                       ; work         ;
;    |Arena_Seg7Decoder:inst30|        ; 7 (7)             ; 0 (0)        ; 0           ; 0            ; 0       ; 0         ; 0    ; 0            ; |Arena_32bitAccumulator_circuit|Arena_Seg7Decoder:inst30                                                       ; work         ;
;    |Arena_Seg8Decoder:inst38|        ; 7 (7)             ; 0 (0)        ; 0           ; 0            ; 0       ; 0         ; 0    ; 0            ; |Arena_32bitAccumulator_circuit|Arena_Seg8Decoder:inst38                                                       ; work         ;
+--------------------------------------+-------------------+--------------+-------------+--------------+---------+-----------+------+--------------+----------------------------------------------------------------------------------------------------------------+--------------+
Note: For table entries with two numbers listed, the numbers in parentheses indicate the number of resources of the given type used by the specific entity alone. The numbers listed outside of parentheses indicate the total resources of the given type used by the specific entity and all of its sub-entities in the hierarchy.


+-----------------------------------------------------------------------------------------------------------------------------+
; User-Specified and Inferred Latches                                                                                         ;
+------------------------------------------------------------------------------+---------------------+------------------------+
; Latch Name                                                                   ; Latch Enable Signal ; Free of Timing Hazards ;
+------------------------------------------------------------------------------+---------------------+------------------------+
; Arena_32bitAccumulator:inst|Arena_D_FlipFlop:inst5|Arena_data                ; Arena_clk           ; yes                    ;
; Arena_32bitAccumulator:inst|Arena_D_FlipFlop:inst6|Arena_data                ; Arena_clk           ; yes                    ;
; Arena_32bitAccumulator:inst|Arena_32bitAdder:inst|Arena_Cout_32bit           ; Arena_sub_add       ; yes                    ;
; Arena_32bitAccumulator:inst|Arena_32bitAdder:inst|Arena_Bout_32bit           ; Arena_sub_add       ; yes                    ;
; Arena_32bitAccumulator:inst|Arena_32bitAdder:inst|Arena_AccumOut_32bit[0]    ; Arena_sub_add       ; yes                    ;
; Arena_32bitAccumulator:inst|Arena_32bitAdder:inst|Arena_Difference_32bit[0]  ; Arena_sub_add       ; yes                    ;
; Arena_32bitAccumulator:inst|Arena_32bitAdder:inst|Arena_AccumOut_32bit[1]    ; Arena_sub_add       ; yes                    ;
; Arena_32bitAccumulator:inst|Arena_32bitAdder:inst|Arena_Difference_32bit[1]  ; Arena_sub_add       ; yes                    ;
; Arena_32bitAccumulator:inst|Arena_32bitAdder:inst|Arena_AccumOut_32bit[2]    ; Arena_sub_add       ; yes                    ;
; Arena_32bitAccumulator:inst|Arena_32bitAdder:inst|Arena_Difference_32bit[2]  ; Arena_sub_add       ; yes                    ;
; Arena_32bitAccumulator:inst|Arena_32bitAdder:inst|Arena_AccumOut_32bit[3]    ; Arena_sub_add       ; yes                    ;
; Arena_32bitAccumulator:inst|Arena_32bitAdder:inst|Arena_Difference_32bit[3]  ; Arena_sub_add       ; yes                    ;
; Arena_32bitAccumulator:inst|Arena_32bitAdder:inst|Arena_AccumOut_32bit[31]   ; Arena_sub_add       ; yes                    ;
; Arena_32bitAccumulator:inst|Arena_32bitAdder:inst|Arena_Difference_32bit[31] ; Arena_sub_add       ; yes                    ;
; Arena_32bitAccumulator:inst|Arena_32bitAdder:inst|Arena_AccumOut_32bit[30]   ; Arena_sub_add       ; yes                    ;
; Arena_32bitAccumulator:inst|Arena_32bitAdder:inst|Arena_Difference_32bit[30] ; Arena_sub_add       ; yes                    ;
; Arena_32bitAccumulator:inst|Arena_32bitAdder:inst|Arena_AccumOut_32bit[29]   ; Arena_sub_add       ; yes                    ;
; Arena_32bitAccumulator:inst|Arena_32bitAdder:inst|Arena_Difference_32bit[29] ; Arena_sub_add       ; yes                    ;
; Arena_32bitAccumulator:inst|Arena_32bitAdder:inst|Arena_AccumOut_32bit[28]   ; Arena_sub_add       ; yes                    ;
; Arena_32bitAccumulator:inst|Arena_32bitAdder:inst|Arena_Difference_32bit[28] ; Arena_sub_add       ; yes                    ;
; Arena_32bitAccumulator:inst|Arena_32bitAdder:inst|Arena_AccumOut_32bit[27]   ; Arena_sub_add       ; yes                    ;
; Arena_32bitAccumulator:inst|Arena_32bitAdder:inst|Arena_Difference_32bit[27] ; Arena_sub_add       ; yes                    ;
; Arena_32bitAccumulator:inst|Arena_32bitAdder:inst|Arena_AccumOut_32bit[26]   ; Arena_sub_add       ; yes                    ;
; Arena_32bitAccumulator:inst|Arena_32bitAdder:inst|Arena_Difference_32bit[26] ; Arena_sub_add       ; yes                    ;
; Arena_32bitAccumulator:inst|Arena_32bitAdder:inst|Arena_AccumOut_32bit[25]   ; Arena_sub_add       ; yes                    ;
; Arena_32bitAccumulator:inst|Arena_32bitAdder:inst|Arena_Difference_32bit[25] ; Arena_sub_add       ; yes                    ;
; Arena_32bitAccumulator:inst|Arena_32bitAdder:inst|Arena_AccumOut_32bit[24]   ; Arena_sub_add       ; yes                    ;
; Arena_32bitAccumulator:inst|Arena_32bitAdder:inst|Arena_Difference_32bit[24] ; Arena_sub_add       ; yes                    ;
; Arena_32bitAccumulator:inst|Arena_32bitAdder:inst|Arena_AccumOut_32bit[23]   ; Arena_sub_add       ; yes                    ;
; Arena_32bitAccumulator:inst|Arena_32bitAdder:inst|Arena_Difference_32bit[23] ; Arena_sub_add       ; yes                    ;
; Arena_32bitAccumulator:inst|Arena_32bitAdder:inst|Arena_AccumOut_32bit[22]   ; Arena_sub_add       ; yes                    ;
; Arena_32bitAccumulator:inst|Arena_32bitAdder:inst|Arena_Difference_32bit[22] ; Arena_sub_add       ; yes                    ;
; Arena_32bitAccumulator:inst|Arena_32bitAdder:inst|Arena_AccumOut_32bit[21]   ; Arena_sub_add       ; yes                    ;
; Arena_32bitAccumulator:inst|Arena_32bitAdder:inst|Arena_Difference_32bit[21] ; Arena_sub_add       ; yes                    ;
; Arena_32bitAccumulator:inst|Arena_32bitAdder:inst|Arena_AccumOut_32bit[20]   ; Arena_sub_add       ; yes                    ;
; Arena_32bitAccumulator:inst|Arena_32bitAdder:inst|Arena_Difference_32bit[20] ; Arena_sub_add       ; yes                    ;
; Arena_32bitAccumulator:inst|Arena_32bitAdder:inst|Arena_AccumOut_32bit[19]   ; Arena_sub_add       ; yes                    ;
; Arena_32bitAccumulator:inst|Arena_32bitAdder:inst|Arena_Difference_32bit[19] ; Arena_sub_add       ; yes                    ;
; Arena_32bitAccumulator:inst|Arena_32bitAdder:inst|Arena_AccumOut_32bit[18]   ; Arena_sub_add       ; yes                    ;
; Arena_32bitAccumulator:inst|Arena_32bitAdder:inst|Arena_Difference_32bit[18] ; Arena_sub_add       ; yes                    ;
; Arena_32bitAccumulator:inst|Arena_32bitAdder:inst|Arena_AccumOut_32bit[17]   ; Arena_sub_add       ; yes                    ;
; Arena_32bitAccumulator:inst|Arena_32bitAdder:inst|Arena_Difference_32bit[17] ; Arena_sub_add       ; yes                    ;
; Arena_32bitAccumulator:inst|Arena_32bitAdder:inst|Arena_AccumOut_32bit[16]   ; Arena_sub_add       ; yes                    ;
; Arena_32bitAccumulator:inst|Arena_32bitAdder:inst|Arena_Difference_32bit[16] ; Arena_sub_add       ; yes                    ;
; Arena_32bitAccumulator:inst|Arena_32bitAdder:inst|Arena_AccumOut_32bit[15]   ; Arena_sub_add       ; yes                    ;
; Arena_32bitAccumulator:inst|Arena_32bitAdder:inst|Arena_Difference_32bit[15] ; Arena_sub_add       ; yes                    ;
; Arena_32bitAccumulator:inst|Arena_32bitAdder:inst|Arena_AccumOut_32bit[14]   ; Arena_sub_add       ; yes                    ;
; Arena_32bitAccumulator:inst|Arena_32bitAdder:inst|Arena_Difference_32bit[14] ; Arena_sub_add       ; yes                    ;
; Arena_32bitAccumulator:inst|Arena_32bitAdder:inst|Arena_AccumOut_32bit[13]   ; Arena_sub_add       ; yes                    ;
; Arena_32bitAccumulator:inst|Arena_32bitAdder:inst|Arena_Difference_32bit[13] ; Arena_sub_add       ; yes                    ;
; Arena_32bitAccumulator:inst|Arena_32bitAdder:inst|Arena_AccumOut_32bit[12]   ; Arena_sub_add       ; yes                    ;
; Arena_32bitAccumulator:inst|Arena_32bitAdder:inst|Arena_Difference_32bit[12] ; Arena_sub_add       ; yes                    ;
; Arena_32bitAccumulator:inst|Arena_32bitAdder:inst|Arena_AccumOut_32bit[11]   ; Arena_sub_add       ; yes                    ;
; Arena_32bitAccumulator:inst|Arena_32bitAdder:inst|Arena_Difference_32bit[11] ; Arena_sub_add       ; yes                    ;
; Arena_32bitAccumulator:inst|Arena_32bitAdder:inst|Arena_AccumOut_32bit[10]   ; Arena_sub_add       ; yes                    ;
; Arena_32bitAccumulator:inst|Arena_32bitAdder:inst|Arena_Difference_32bit[10] ; Arena_sub_add       ; yes                    ;
; Arena_32bitAccumulator:inst|Arena_32bitAdder:inst|Arena_AccumOut_32bit[9]    ; Arena_sub_add       ; yes                    ;
; Arena_32bitAccumulator:inst|Arena_32bitAdder:inst|Arena_Difference_32bit[9]  ; Arena_sub_add       ; yes                    ;
; Arena_32bitAccumulator:inst|Arena_32bitAdder:inst|Arena_AccumOut_32bit[8]    ; Arena_sub_add       ; yes                    ;
; Arena_32bitAccumulator:inst|Arena_32bitAdder:inst|Arena_Difference_32bit[8]  ; Arena_sub_add       ; yes                    ;
; Arena_32bitAccumulator:inst|Arena_32bitAdder:inst|Arena_AccumOut_32bit[7]    ; Arena_sub_add       ; yes                    ;
; Arena_32bitAccumulator:inst|Arena_32bitAdder:inst|Arena_Difference_32bit[7]  ; Arena_sub_add       ; yes                    ;
; Arena_32bitAccumulator:inst|Arena_32bitAdder:inst|Arena_AccumOut_32bit[6]    ; Arena_sub_add       ; yes                    ;
; Arena_32bitAccumulator:inst|Arena_32bitAdder:inst|Arena_Difference_32bit[6]  ; Arena_sub_add       ; yes                    ;
; Arena_32bitAccumulator:inst|Arena_32bitAdder:inst|Arena_AccumOut_32bit[5]    ; Arena_sub_add       ; yes                    ;
; Arena_32bitAccumulator:inst|Arena_32bitAdder:inst|Arena_Difference_32bit[5]  ; Arena_sub_add       ; yes                    ;
; Arena_32bitAccumulator:inst|Arena_32bitAdder:inst|Arena_AccumOut_32bit[4]    ; Arena_sub_add       ; yes                    ;
; Arena_32bitAccumulator:inst|Arena_32bitAdder:inst|Arena_Difference_32bit[4]  ; Arena_sub_add       ; yes                    ;
; Arena_32bitInput:inst2|Arena_octet0[0]                                       ; Arena_button[0]     ; yes                    ;
; Arena_32bitInput:inst2|Arena_octet0[1]                                       ; Arena_button[0]     ; yes                    ;
; Arena_32bitInput:inst2|Arena_octet0[2]                                       ; Arena_button[0]     ; yes                    ;
; Arena_32bitInput:inst2|Arena_octet0[3]                                       ; Arena_button[0]     ; yes                    ;
; Arena_32bitInput:inst2|Arena_octet0[4]                                       ; Arena_button[0]     ; yes                    ;
; Arena_32bitInput:inst2|Arena_octet0[5]                                       ; Arena_button[0]     ; yes                    ;
; Arena_32bitInput:inst2|Arena_octet0[6]                                       ; Arena_button[0]     ; yes                    ;
; Arena_32bitInput:inst2|Arena_octet0[7]                                       ; Arena_button[0]     ; yes                    ;
; Arena_32bitInput:inst2|Arena_octet0[8]                                       ; Arena_button[0]     ; yes                    ;
; Arena_32bitInput:inst2|Arena_octet0[9]                                       ; Arena_button[0]     ; yes                    ;
; Arena_32bitInput:inst2|Arena_octet0[10]                                      ; Arena_button[0]     ; yes                    ;
; Arena_32bitInput:inst2|Arena_octet0[11]                                      ; Arena_button[0]     ; yes                    ;
; Arena_32bitInput:inst2|Arena_octet0[12]                                      ; Arena_button[0]     ; yes                    ;
; Arena_32bitInput:inst2|Arena_octet0[13]                                      ; Arena_button[0]     ; yes                    ;
; Arena_32bitInput:inst2|Arena_octet0[14]                                      ; Arena_button[0]     ; yes                    ;
; Arena_32bitInput:inst2|Arena_octet0[15]                                      ; Arena_button[0]     ; yes                    ;
; Arena_32bitInput:inst2|Arena_octet1[0]                                       ; Arena_button[1]     ; yes                    ;
; Arena_32bitInput:inst2|Arena_octet1[1]                                       ; Arena_button[1]     ; yes                    ;
; Arena_32bitInput:inst2|Arena_octet1[2]                                       ; Arena_button[1]     ; yes                    ;
; Arena_32bitInput:inst2|Arena_octet1[3]                                       ; Arena_button[1]     ; yes                    ;
; Arena_32bitInput:inst2|Arena_octet1[4]                                       ; Arena_button[1]     ; yes                    ;
; Arena_32bitInput:inst2|Arena_octet1[5]                                       ; Arena_button[1]     ; yes                    ;
; Arena_32bitInput:inst2|Arena_octet1[6]                                       ; Arena_button[1]     ; yes                    ;
; Arena_32bitInput:inst2|Arena_octet1[7]                                       ; Arena_button[1]     ; yes                    ;
; Arena_32bitInput:inst2|Arena_octet1[8]                                       ; Arena_button[1]     ; yes                    ;
; Arena_32bitInput:inst2|Arena_octet1[9]                                       ; Arena_button[1]     ; yes                    ;
; Arena_32bitInput:inst2|Arena_octet1[10]                                      ; Arena_button[1]     ; yes                    ;
; Arena_32bitInput:inst2|Arena_octet1[11]                                      ; Arena_button[1]     ; yes                    ;
; Arena_32bitInput:inst2|Arena_octet1[12]                                      ; Arena_button[1]     ; yes                    ;
; Arena_32bitInput:inst2|Arena_octet1[13]                                      ; Arena_button[1]     ; yes                    ;
; Arena_32bitInput:inst2|Arena_octet1[14]                                      ; Arena_button[1]     ; yes                    ;
; Arena_32bitInput:inst2|Arena_octet1[15]                                      ; Arena_button[1]     ; yes                    ;
; Number of user-specified and inferred latches = 100                          ;                     ;                        ;
+------------------------------------------------------------------------------+---------------------+------------------------+
Note: All latches listed above may not be present at the end of synthesis due to various synthesis optimizations.


+------------------------------------------------------+
; General Register Statistics                          ;
+----------------------------------------------+-------+
; Statistic                                    ; Value ;
+----------------------------------------------+-------+
; Total registers                              ; 64    ;
; Number of registers using Synchronous Clear  ; 0     ;
; Number of registers using Synchronous Load   ; 0     ;
; Number of registers using Asynchronous Clear ; 0     ;
; Number of registers using Asynchronous Load  ; 0     ;
; Number of registers using Clock Enable       ; 0     ;
; Number of registers using Preset             ; 0     ;
+----------------------------------------------+-------+


+---------------------------------------------------------------------------------------+
; Parameter Settings for User Entity Instance: Arena_32bitAccumulator:inst|BUSMUX:inst7 ;
+----------------+-------+--------------------------------------------------------------+
; Parameter Name ; Value ; Type                                                         ;
+----------------+-------+--------------------------------------------------------------+
; WIDTH          ; 32    ; Untyped                                                      ;
+----------------+-------+--------------------------------------------------------------+
Note: In order to hide this table in the UI and the text report file, please set the "Show Parameter Settings in Synthesis Report" option in "Analysis and Synthesis Settings -> More Settings" to "Off".


+-------------------------------+
; Elapsed Time Per Partition    ;
+----------------+--------------+
; Partition Name ; Elapsed Time ;
+----------------+--------------+
; Top            ; 00:00:00     ;
+----------------+--------------+


+-------------------------------+
; Analysis & Synthesis Messages ;
+-------------------------------+
Info: *******************************************************************
Info: Running Quartus II 64-Bit Analysis & Synthesis
    Info: Version 13.0.1 Build 232 06/12/2013 Service Pack 1 SJ Web Edition
    Info: Processing started: Tue Apr 30 21:03:27 2019
Info: Command: quartus_map --read_settings_files=on --write_settings_files=off Add_Sub_Mul_Div_Accum_Lab4 -c Add_Sub_Mul_Div_Accum_Lab4
Info (11104): Parallel Compilation has detected 4 hyper-threaded processors. However, the extra hyper-threaded processors will not be used by default. Parallel Compilation will use 2 of the 2 physical processors detected instead.
Info (12021): Found 2 design units, including 1 entities, in source file arena_seg8decoder.vhd
    Info (12022): Found design unit 1: Arena_Seg8Decoder-Arena_Arch_Seg8Decoder
    Info (12023): Found entity 1: Arena_Seg8Decoder
Info (12021): Found 2 design units, including 1 entities, in source file arena_seg7decoder.vhd
    Info (12022): Found design unit 1: Arena_Seg7Decoder-Arena_Arch_Seg7Decoder
    Info (12023): Found entity 1: Arena_Seg7Decoder
Info (12021): Found 2 design units, including 1 entities, in source file arena_seg6decoder.vhd
    Info (12022): Found design unit 1: Arena_Seg6Decoder-Arena_Arch_Seg6Decoder
    Info (12023): Found entity 1: Arena_Seg6Decoder
Info (12021): Found 2 design units, including 1 entities, in source file arena_seg5decoder.vhd
    Info (12022): Found design unit 1: Arena_Seg5Decoder-Arena_Arch_Seg5Decoder
    Info (12023): Found entity 1: Arena_Seg5Decoder
Info (12021): Found 2 design units, including 1 entities, in source file arena_seg4decoder.vhd
    Info (12022): Found design unit 1: Arena_Seg4Decoder-Arena_Arch_Seg4Decoder
    Info (12023): Found entity 1: Arena_Seg4Decoder
Info (12021): Found 2 design units, including 1 entities, in source file arena_seg3decoder.vhd
    Info (12022): Found design unit 1: Arena_Seg3Decoder-Arena_Arch_Seg3Decoder
    Info (12023): Found entity 1: Arena_Seg3Decoder
Info (12021): Found 2 design units, including 1 entities, in source file arena_seg2decoder.vhd
    Info (12022): Found design unit 1: Arena_Seg2Decoder-Arena_Arch_Seg2Decoder
    Info (12023): Found entity 1: Arena_Seg2Decoder
Info (12021): Found 2 design units, including 1 entities, in source file arena_seg1decoder.vhd
    Info (12022): Found design unit 1: Arena_Seg1Decoder-Arena_Arch_Seg1Decoder
    Info (12023): Found entity 1: Arena_Seg1Decoder
Info (12021): Found 1 design units, including 1 entities, in source file arena_4bit_arraymultiplier.bdf
    Info (12023): Found entity 1: Arena_4bit_arrayMultiplier
Info (12021): Found 2 design units, including 1 entities, in source file arena_32bitregister.vhd
    Info (12022): Found design unit 1: Arena_32bitRegister-Arena_32bitRegister_arch
    Info (12023): Found entity 1: Arena_32bitRegister
Info (12021): Found 2 design units, including 1 entities, in source file arena_32bitadder.vhd
    Info (12022): Found design unit 1: Arena_32bitAdder-Arena_32bitAdder_arch
    Info (12023): Found entity 1: Arena_32bitAdder
Info (12021): Found 2 design units, including 1 entities, in source file arena_fulladder.vhd
    Info (12022): Found design unit 1: Arena_fullAdder-Arena_fullAdder_arch
    Info (12023): Found entity 1: Arena_fullAdder
Info (12021): Found 2 design units, including 1 entities, in source file arena_d_flipflop.vhd
    Info (12022): Found design unit 1: Arena_D_FlipFlop-Arena_D_FlipFlop_arch
    Info (12023): Found entity 1: Arena_D_FlipFlop
Info (12021): Found 1 design units, including 1 entities, in source file arena_32bitaccumulator.bdf
    Info (12023): Found entity 1: Arena_32bitAccumulator
Info (12021): Found 2 design units, including 1 entities, in source file arena_32bitinput.vhd
    Info (12022): Found design unit 1: Arena_32bitInput-Arena_32bitInput_arch
    Info (12023): Found entity 1: Arena_32bitInput
Info (12021): Found 1 design units, including 1 entities, in source file arena_32bit_arraymultiplier.bdf
    Info (12023): Found entity 1: Arena_32bit_arrayMultiplier
Info (12021): Found 1 design units, including 1 entities, in source file arena_32bit_arraymultiplier_with_8bitadders.bdf
    Info (12023): Found entity 1: Arena_32bit_arrayMultiplier_with_8bitAdders
Info (12021): Found 1 design units, including 1 entities, in source file arena_16bitadder.bdf
    Info (12023): Found entity 1: Arena_16bitAdder
Info (12021): Found 2 design units, including 1 entities, in source file arena_4bit_arraymultipler.vhd
    Info (12022): Found design unit 1: Arena_4bit_arrayMultipler-Arena_4bit_arrayMultipler_arch
    Info (12023): Found entity 1: Arena_4bit_arrayMultipler
Info (12021): Found 2 design units, including 1 entities, in source file arena_16bit_arraymultipler.vhd
    Info (12022): Found design unit 1: Arena_16bit_arrayMultipler-Arena_16bit_arrayMultipler_arch
    Info (12023): Found entity 1: Arena_16bit_arrayMultipler
Info (12021): Found 2 design units, including 1 entities, in source file arena_16bitfulladder.vhd
    Info (12022): Found design unit 1: Arena_16bitFullAdder-Arena_16bitFullAdder_arch
    Info (12023): Found entity 1: Arena_16bitFullAdder
Info (12021): Found 2 design units, including 1 entities, in source file arena_32bit_arraymultipler_with_16bitfulladders.vhd
    Info (12022): Found design unit 1: Arena_32bit_arrayMultipler_with_16bitFullAdders-Arena_32bit_arrayMultipler_with_16bitFullAdders_arch
    Info (12023): Found entity 1: Arena_32bit_arrayMultipler_with_16bitFullAdders
Info (12021): Found 2 design units, including 1 entities, in source file test.vhd
    Info (12022): Found design unit 1: test-test_arch
    Info (12023): Found entity 1: test
Info (12021): Found 0 design units, including 0 entities, in source file arena_4bitmultiplier_with_wallacetree.vhd
Info (12021): Found 2 design units, including 1 entities, in source file arena_paralleladder.vhd
    Info (12022): Found design unit 1: arena_paralleladder-SYN
    Info (12023): Found entity 1: Arena_parallelAdder
Info (12021): Found 1 design units, including 1 entities, in source file arena_32bitaccumulator_circuit.bdf
    Info (12023): Found entity 1: Arena_32bitAccumulator_circuit
Info (12127): Elaborating entity "Arena_32bitAccumulator_circuit" for the top level hierarchy
Info (12128): Elaborating entity "Arena_32bitAccumulator" for hierarchy "Arena_32bitAccumulator:inst"
Info (12128): Elaborating entity "Arena_D_FlipFlop" for hierarchy "Arena_32bitAccumulator:inst|Arena_D_FlipFlop:inst5"
Info (10041): Inferred latch for "Arena_data" at Arena_D_FlipFlop.vhd(18)
Info (12128): Elaborating entity "Arena_32bitAdder" for hierarchy "Arena_32bitAccumulator:inst|Arena_32bitAdder:inst"
Warning (10492): VHDL Process Statement warning at Arena_32bitAdder.vhd(73): signal "Arena_Bin_32bit" is read inside the Process Statement but isn't in the Process Statement's sensitivity list
Warning (10492): VHDL Process Statement warning at Arena_32bitAdder.vhd(75): signal "Arena_Bin_32bit" is read inside the Process Statement but isn't in the Process Statement's sensitivity list
Warning (10492): VHDL Process Statement warning at Arena_32bitAdder.vhd(76): signal "Arena_Bin_32bit" is read inside the Process Statement but isn't in the Process Statement's sensitivity list
Warning (10631): VHDL Process Statement warning at Arena_32bitAdder.vhd(38): inferring latch(es) for signal or variable "Arena_AccumOut_32bit", which holds its previous value in one or more paths through the process
Warning (10631): VHDL Process Statement warning at Arena_32bitAdder.vhd(38): inferring latch(es) for signal or variable "Arena_Cout_32bit_vars", which holds its previous value in one or more paths through the process
Warning (10631): VHDL Process Statement warning at Arena_32bitAdder.vhd(38): inferring latch(es) for signal or variable "Arena_Cin_32bit_vars", which holds its previous value in one or more paths through the process
Warning (10631): VHDL Process Statement warning at Arena_32bitAdder.vhd(38): inferring latch(es) for signal or variable "Arena_Cout_32bit", which holds its previous value in one or more paths through the process
Warning (10631): VHDL Process Statement warning at Arena_32bitAdder.vhd(38): inferring latch(es) for signal or variable "Arena_Difference_32bit", which holds its previous value in one or more paths through the process
Warning (10631): VHDL Process Statement warning at Arena_32bitAdder.vhd(38): inferring latch(es) for signal or variable "Arena_Bout_32bit_vars", which holds its previous value in one or more paths through the process
Warning (10631): VHDL Process Statement warning at Arena_32bitAdder.vhd(38): inferring latch(es) for signal or variable "Arena_Bin_32bit_vars", which holds its previous value in one or more paths through the process
Warning (10631): VHDL Process Statement warning at Arena_32bitAdder.vhd(38): inferring latch(es) for signal or variable "Arena_Bout_32bit", which holds its previous value in one or more paths through the process
Info (10041): Inferred latch for "Arena_Bout_32bit" at Arena_32bitAdder.vhd(38)
Info (10041): Inferred latch for "Arena_Difference_32bit[0]" at Arena_32bitAdder.vhd(38)
Info (10041): Inferred latch for "Arena_Difference_32bit[1]" at Arena_32bitAdder.vhd(38)
Info (10041): Inferred latch for "Arena_Difference_32bit[2]" at Arena_32bitAdder.vhd(38)
Info (10041): Inferred latch for "Arena_Difference_32bit[3]" at Arena_32bitAdder.vhd(38)
Info (10041): Inferred latch for "Arena_Difference_32bit[4]" at Arena_32bitAdder.vhd(38)
Info (10041): Inferred latch for "Arena_Difference_32bit[5]" at Arena_32bitAdder.vhd(38)
Info (10041): Inferred latch for "Arena_Difference_32bit[6]" at Arena_32bitAdder.vhd(38)
Info (10041): Inferred latch for "Arena_Difference_32bit[7]" at Arena_32bitAdder.vhd(38)
Info (10041): Inferred latch for "Arena_Difference_32bit[8]" at Arena_32bitAdder.vhd(38)
Info (10041): Inferred latch for "Arena_Difference_32bit[9]" at Arena_32bitAdder.vhd(38)
Info (10041): Inferred latch for "Arena_Difference_32bit[10]" at Arena_32bitAdder.vhd(38)
Info (10041): Inferred latch for "Arena_Difference_32bit[11]" at Arena_32bitAdder.vhd(38)
Info (10041): Inferred latch for "Arena_Difference_32bit[12]" at Arena_32bitAdder.vhd(38)
Info (10041): Inferred latch for "Arena_Difference_32bit[13]" at Arena_32bitAdder.vhd(38)
Info (10041): Inferred latch for "Arena_Difference_32bit[14]" at Arena_32bitAdder.vhd(38)
Info (10041): Inferred latch for "Arena_Difference_32bit[15]" at Arena_32bitAdder.vhd(38)
Info (10041): Inferred latch for "Arena_Difference_32bit[16]" at Arena_32bitAdder.vhd(38)
Info (10041): Inferred latch for "Arena_Difference_32bit[17]" at Arena_32bitAdder.vhd(38)
Info (10041): Inferred latch for "Arena_Difference_32bit[18]" at Arena_32bitAdder.vhd(38)
Info (10041): Inferred latch for "Arena_Difference_32bit[19]" at Arena_32bitAdder.vhd(38)
Info (10041): Inferred latch for "Arena_Difference_32bit[20]" at Arena_32bitAdder.vhd(38)
Info (10041): Inferred latch for "Arena_Difference_32bit[21]" at Arena_32bitAdder.vhd(38)
Info (10041): Inferred latch for "Arena_Difference_32bit[22]" at Arena_32bitAdder.vhd(38)
Info (10041): Inferred latch for "Arena_Difference_32bit[23]" at Arena_32bitAdder.vhd(38)
Info (10041): Inferred latch for "Arena_Difference_32bit[24]" at Arena_32bitAdder.vhd(38)
Info (10041): Inferred latch for "Arena_Difference_32bit[25]" at Arena_32bitAdder.vhd(38)
Info (10041): Inferred latch for "Arena_Difference_32bit[26]" at Arena_32bitAdder.vhd(38)
Info (10041): Inferred latch for "Arena_Difference_32bit[27]" at Arena_32bitAdder.vhd(38)
Info (10041): Inferred latch for "Arena_Difference_32bit[28]" at Arena_32bitAdder.vhd(38)
Info (10041): Inferred latch for "Arena_Difference_32bit[29]" at Arena_32bitAdder.vhd(38)
Info (10041): Inferred latch for "Arena_Difference_32bit[30]" at Arena_32bitAdder.vhd(38)
Info (10041): Inferred latch for "Arena_Difference_32bit[31]" at Arena_32bitAdder.vhd(38)
Info (10041): Inferred latch for "Arena_Cout_32bit" at Arena_32bitAdder.vhd(38)
Info (10041): Inferred latch for "Arena_AccumOut_32bit[0]" at Arena_32bitAdder.vhd(38)
Info (10041): Inferred latch for "Arena_AccumOut_32bit[1]" at Arena_32bitAdder.vhd(38)
Info (10041): Inferred latch for "Arena_AccumOut_32bit[2]" at Arena_32bitAdder.vhd(38)
Info (10041): Inferred latch for "Arena_AccumOut_32bit[3]" at Arena_32bitAdder.vhd(38)
Info (10041): Inferred latch for "Arena_AccumOut_32bit[4]" at Arena_32bitAdder.vhd(38)
Info (10041): Inferred latch for "Arena_AccumOut_32bit[5]" at Arena_32bitAdder.vhd(38)
Info (10041): Inferred latch for "Arena_AccumOut_32bit[6]" at Arena_32bitAdder.vhd(38)
Info (10041): Inferred latch for "Arena_AccumOut_32bit[7]" at Arena_32bitAdder.vhd(38)
Info (10041): Inferred latch for "Arena_AccumOut_32bit[8]" at Arena_32bitAdder.vhd(38)
Info (10041): Inferred latch for "Arena_AccumOut_32bit[9]" at Arena_32bitAdder.vhd(38)
Info (10041): Inferred latch for "Arena_AccumOut_32bit[10]" at Arena_32bitAdder.vhd(38)
Info (10041): Inferred latch for "Arena_AccumOut_32bit[11]" at Arena_32bitAdder.vhd(38)
Info (10041): Inferred latch for "Arena_AccumOut_32bit[12]" at Arena_32bitAdder.vhd(38)
Info (10041): Inferred latch for "Arena_AccumOut_32bit[13]" at Arena_32bitAdder.vhd(38)
Info (10041): Inferred latch for "Arena_AccumOut_32bit[14]" at Arena_32bitAdder.vhd(38)
Info (10041): Inferred latch for "Arena_AccumOut_32bit[15]" at Arena_32bitAdder.vhd(38)
Info (10041): Inferred latch for "Arena_AccumOut_32bit[16]" at Arena_32bitAdder.vhd(38)
Info (10041): Inferred latch for "Arena_AccumOut_32bit[17]" at Arena_32bitAdder.vhd(38)
Info (10041): Inferred latch for "Arena_AccumOut_32bit[18]" at Arena_32bitAdder.vhd(38)
Info (10041): Inferred latch for "Arena_AccumOut_32bit[19]" at Arena_32bitAdder.vhd(38)
Info (10041): Inferred latch for "Arena_AccumOut_32bit[20]" at Arena_32bitAdder.vhd(38)
Info (10041): Inferred latch for "Arena_AccumOut_32bit[21]" at Arena_32bitAdder.vhd(38)
Info (10041): Inferred latch for "Arena_AccumOut_32bit[22]" at Arena_32bitAdder.vhd(38)
Info (10041): Inferred latch for "Arena_AccumOut_32bit[23]" at Arena_32bitAdder.vhd(38)
Info (10041): Inferred latch for "Arena_AccumOut_32bit[24]" at Arena_32bitAdder.vhd(38)
Info (10041): Inferred latch for "Arena_AccumOut_32bit[25]" at Arena_32bitAdder.vhd(38)
Info (10041): Inferred latch for "Arena_AccumOut_32bit[26]" at Arena_32bitAdder.vhd(38)
Info (10041): Inferred latch for "Arena_AccumOut_32bit[27]" at Arena_32bitAdder.vhd(38)
Info (10041): Inferred latch for "Arena_AccumOut_32bit[28]" at Arena_32bitAdder.vhd(38)
Info (10041): Inferred latch for "Arena_AccumOut_32bit[29]" at Arena_32bitAdder.vhd(38)
Info (10041): Inferred latch for "Arena_AccumOut_32bit[30]" at Arena_32bitAdder.vhd(38)
Info (10041): Inferred latch for "Arena_AccumOut_32bit[31]" at Arena_32bitAdder.vhd(38)
Info (12128): Elaborating entity "BUSMUX" for hierarchy "Arena_32bitAccumulator:inst|BUSMUX:inst7"
Info (12130): Elaborated megafunction instantiation "Arena_32bitAccumulator:inst|BUSMUX:inst7"
Info (12133): Instantiated megafunction "Arena_32bitAccumulator:inst|BUSMUX:inst7" with the following parameter:
    Info (12134): Parameter "WIDTH" = "32"
Info (12128): Elaborating entity "lpm_mux" for hierarchy "Arena_32bitAccumulator:inst|BUSMUX:inst7|lpm_mux:$00000"
Info (12131): Elaborated megafunction instantiation "Arena_32bitAccumulator:inst|BUSMUX:inst7|lpm_mux:$00000", which is child of megafunction instantiation "Arena_32bitAccumulator:inst|BUSMUX:inst7"
Info (12021): Found 1 design units, including 1 entities, in source file db/mux_9oc.tdf
    Info (12023): Found entity 1: mux_9oc
Info (12128): Elaborating entity "mux_9oc" for hierarchy "Arena_32bitAccumulator:inst|BUSMUX:inst7|lpm_mux:$00000|mux_9oc:auto_generated"
Info (12128): Elaborating entity "Arena_32bitInput" for hierarchy "Arena_32bitInput:inst2"
Warning (10631): VHDL Process Statement warning at Arena_32bitInput.vhd(17): inferring latch(es) for signal or variable "Arena_octet0", which holds its previous value in one or more paths through the process
Warning (10631): VHDL Process Statement warning at Arena_32bitInput.vhd(17): inferring latch(es) for signal or variable "Arena_octet1", which holds its previous value in one or more paths through the process
Info (10041): Inferred latch for "Arena_octet1[0]" at Arena_32bitInput.vhd(17)
Info (10041): Inferred latch for "Arena_octet1[1]" at Arena_32bitInput.vhd(17)
Info (10041): Inferred latch for "Arena_octet1[2]" at Arena_32bitInput.vhd(17)
Info (10041): Inferred latch for "Arena_octet1[3]" at Arena_32bitInput.vhd(17)
Info (10041): Inferred latch for "Arena_octet1[4]" at Arena_32bitInput.vhd(17)
Info (10041): Inferred latch for "Arena_octet1[5]" at Arena_32bitInput.vhd(17)
Info (10041): Inferred latch for "Arena_octet1[6]" at Arena_32bitInput.vhd(17)
Info (10041): Inferred latch for "Arena_octet1[7]" at Arena_32bitInput.vhd(17)
Info (10041): Inferred latch for "Arena_octet1[8]" at Arena_32bitInput.vhd(17)
Info (10041): Inferred latch for "Arena_octet1[9]" at Arena_32bitInput.vhd(17)
Info (10041): Inferred latch for "Arena_octet1[10]" at Arena_32bitInput.vhd(17)
Info (10041): Inferred latch for "Arena_octet1[11]" at Arena_32bitInput.vhd(17)
Info (10041): Inferred latch for "Arena_octet1[12]" at Arena_32bitInput.vhd(17)
Info (10041): Inferred latch for "Arena_octet1[13]" at Arena_32bitInput.vhd(17)
Info (10041): Inferred latch for "Arena_octet1[14]" at Arena_32bitInput.vhd(17)
Info (10041): Inferred latch for "Arena_octet1[15]" at Arena_32bitInput.vhd(17)
Info (10041): Inferred latch for "Arena_octet0[0]" at Arena_32bitInput.vhd(17)
Info (10041): Inferred latch for "Arena_octet0[1]" at Arena_32bitInput.vhd(17)
Info (10041): Inferred latch for "Arena_octet0[2]" at Arena_32bitInput.vhd(17)
Info (10041): Inferred latch for "Arena_octet0[3]" at Arena_32bitInput.vhd(17)
Info (10041): Inferred latch for "Arena_octet0[4]" at Arena_32bitInput.vhd(17)
Info (10041): Inferred latch for "Arena_octet0[5]" at Arena_32bitInput.vhd(17)
Info (10041): Inferred latch for "Arena_octet0[6]" at Arena_32bitInput.vhd(17)
Info (10041): Inferred latch for "Arena_octet0[7]" at Arena_32bitInput.vhd(17)
Info (10041): Inferred latch for "Arena_octet0[8]" at Arena_32bitInput.vhd(17)
Info (10041): Inferred latch for "Arena_octet0[9]" at Arena_32bitInput.vhd(17)
Info (10041): Inferred latch for "Arena_octet0[10]" at Arena_32bitInput.vhd(17)
Info (10041): Inferred latch for "Arena_octet0[11]" at Arena_32bitInput.vhd(17)
Info (10041): Inferred latch for "Arena_octet0[12]" at Arena_32bitInput.vhd(17)
Info (10041): Inferred latch for "Arena_octet0[13]" at Arena_32bitInput.vhd(17)
Info (10041): Inferred latch for "Arena_octet0[14]" at Arena_32bitInput.vhd(17)
Info (10041): Inferred latch for "Arena_octet0[15]" at Arena_32bitInput.vhd(17)
Info (12128): Elaborating entity "Arena_Seg1Decoder" for hierarchy "Arena_Seg1Decoder:inst1"
Info (12128): Elaborating entity "Arena_Seg2Decoder" for hierarchy "Arena_Seg2Decoder:inst3"
Info (12128): Elaborating entity "Arena_Seg3Decoder" for hierarchy "Arena_Seg3Decoder:inst4"
Info (12128): Elaborating entity "Arena_Seg4Decoder" for hierarchy "Arena_Seg4Decoder:inst5"
Info (12128): Elaborating entity "Arena_Seg5Decoder" for hierarchy "Arena_Seg5Decoder:inst19"
Info (12128): Elaborating entity "Arena_Seg6Decoder" for hierarchy "Arena_Seg6Decoder:inst22"
Info (12128): Elaborating entity "Arena_Seg7Decoder" for hierarchy "Arena_Seg7Decoder:inst30"
Info (12128): Elaborating entity "Arena_Seg8Decoder" for hierarchy "Arena_Seg8Decoder:inst38"
Info (16010): Generating hard_block partition "hard_block:auto_generated_inst"
    Info (16011): Adding 0 node(s), including 0 DDIO, 0 PLL, 0 transceiver and 0 LCELL
Info (21057): Implemented 483 device resources after synthesis - the final resource count might be different
    Info (21058): Implemented 23 input pins
    Info (21059): Implemented 90 output pins
    Info (21061): Implemented 370 logic cells
Info: Quartus II 64-Bit Analysis & Synthesis was successful. 0 errors, 13 warnings
    Info: Peak virtual memory: 4672 megabytes
    Info: Processing ended: Tue Apr 30 21:03:31 2019
    Info: Elapsed time: 00:00:04
    Info: Total CPU time (on all processors): 00:00:04


