------------------------------------------------------------
TimeQuest Timing Analyzer Summary
------------------------------------------------------------

Type  : Slow Model Setup 'Arena_Control:inst1|Arena_controlLines[3]'
Slack : -10.980
TNS   : -327.913

Type  : Slow Model Setup 'Arena_ALU_Control_VHDL:ALUCntrl_VHDL|Arena_operation[1]'
Slack : -10.827
TNS   : -712.038

Type  : Slow Model Setup 'Arena_clk'
Slack : -7.017
TNS   : -6083.409

Type  : Slow Model Setup 'Arena_ALU:inst3|Arena_ALU_OUT[0]'
Slack : -6.715
TNS   : -36066.745

Type  : Slow Model Setup 'SRAM_DQ[0]'
Slack : -5.792
TNS   : -20.774

Type  : Slow Model Setup 'DRAM_DQ[10]'
Slack : -0.478
TNS   : -0.478

Type  : Slow Model Hold 'SRAM_DQ[0]'
Slack : -3.486
TNS   : -4.957

Type  : Slow Model Hold 'Arena_clk'
Slack : -2.062
TNS   : -136.196

Type  : Slow Model Hold 'Arena_ALU:inst3|Arena_ALU_OUT[0]'
Slack : -1.814
TNS   : -137.405

Type  : Slow Model Hold 'Arena_Control:inst1|Arena_controlLines[3]'
Slack : -1.772
TNS   : -6.781

Type  : Slow Model Hold 'Arena_ALU_Control_VHDL:ALUCntrl_VHDL|Arena_operation[1]'
Slack : -1.394
TNS   : -23.243

Type  : Slow Model Hold 'DRAM_DQ[10]'
Slack : -0.838
TNS   : -5.739

Type  : Slow Model Minimum Pulse Width 'DRAM_DQ[10]'
Slack : -1.777
TNS   : -1.777

Type  : Slow Model Minimum Pulse Width 'SRAM_DQ[0]'
Slack : -1.777
TNS   : -1.777

Type  : Slow Model Minimum Pulse Width 'Arena_clk'
Slack : -1.222
TNS   : -1065.222

Type  : Slow Model Minimum Pulse Width 'Arena_button'
Slack : -1.222
TNS   : -33.222

Type  : Slow Model Minimum Pulse Width 'Arena_ALU:inst3|Arena_ALU_OUT[0]'
Slack : 0.500
TNS   : 0.000

Type  : Slow Model Minimum Pulse Width 'Arena_ALU_Control_VHDL:ALUCntrl_VHDL|Arena_operation[1]'
Slack : 0.500
TNS   : 0.000

Type  : Slow Model Minimum Pulse Width 'Arena_Control:inst1|Arena_controlLines[3]'
Slack : 0.500
TNS   : 0.000

Type  : Fast Model Setup 'Arena_ALU_Control_VHDL:ALUCntrl_VHDL|Arena_operation[1]'
Slack : -4.760
TNS   : -269.567

Type  : Fast Model Setup 'Arena_Control:inst1|Arena_controlLines[3]'
Slack : -4.362
TNS   : -128.490

Type  : Fast Model Setup 'Arena_ALU:inst3|Arena_ALU_OUT[0]'
Slack : -3.224
TNS   : -16116.424

Type  : Fast Model Setup 'Arena_clk'
Slack : -2.596
TNS   : -2107.189

Type  : Fast Model Setup 'SRAM_DQ[0]'
Slack : -2.401
TNS   : -8.623

Type  : Fast Model Setup 'DRAM_DQ[10]'
Slack : 0.220
TNS   : 0.000

Type  : Fast Model Hold 'SRAM_DQ[0]'
Slack : -1.717
TNS   : -2.266

Type  : Fast Model Hold 'Arena_clk'
Slack : -1.377
TNS   : -285.856

Type  : Fast Model Hold 'Arena_Control:inst1|Arena_controlLines[3]'
Slack : -1.167
TNS   : -8.800

Type  : Fast Model Hold 'Arena_ALU_Control_VHDL:ALUCntrl_VHDL|Arena_operation[1]'
Slack : -0.721
TNS   : -11.781

Type  : Fast Model Hold 'DRAM_DQ[10]'
Slack : -0.462
TNS   : -2.814

Type  : Fast Model Hold 'Arena_ALU:inst3|Arena_ALU_OUT[0]'
Slack : -0.390
TNS   : -4.387

Type  : Fast Model Minimum Pulse Width 'DRAM_DQ[10]'
Slack : -1.777
TNS   : -1.777

Type  : Fast Model Minimum Pulse Width 'SRAM_DQ[0]'
Slack : -1.777
TNS   : -1.777

Type  : Fast Model Minimum Pulse Width 'Arena_clk'
Slack : -1.222
TNS   : -1065.222

Type  : Fast Model Minimum Pulse Width 'Arena_button'
Slack : -1.222
TNS   : -33.222

Type  : Fast Model Minimum Pulse Width 'Arena_ALU:inst3|Arena_ALU_OUT[0]'
Slack : 0.500
TNS   : 0.000

Type  : Fast Model Minimum Pulse Width 'Arena_ALU_Control_VHDL:ALUCntrl_VHDL|Arena_operation[1]'
Slack : 0.500
TNS   : 0.000

Type  : Fast Model Minimum Pulse Width 'Arena_Control:inst1|Arena_controlLines[3]'
Slack : 0.500
TNS   : 0.000

------------------------------------------------------------
