------------------------------------------------------------
TimeQuest Timing Analyzer Summary
------------------------------------------------------------

Type  : Slow Model Setup 'Arena_Control:inst1|Arena_controlLines[3]'
Slack : -12.121
TNS   : -363.034

Type  : Slow Model Setup 'Arena_ALU_Control_VHDL:ALUCntrl_VHDL|Arena_operation[0]'
Slack : -9.599
TNS   : -849.811

Type  : Slow Model Setup 'Arena_ALU:inst3|Arena_ALU_OUT[0]'
Slack : -8.025
TNS   : -40281.901

Type  : Slow Model Setup 'INPUT_WE'
Slack : -5.367
TNS   : -27.974

Type  : Slow Model Setup 'Arena_clk'
Slack : -5.326
TNS   : -4677.846

Type  : Slow Model Hold 'INPUT_WE'
Slack : -4.960
TNS   : -9.211

Type  : Slow Model Hold 'Arena_clk'
Slack : -2.097
TNS   : -103.916

Type  : Slow Model Hold 'Arena_Control:inst1|Arena_controlLines[3]'
Slack : -1.390
TNS   : -1.693

Type  : Slow Model Hold 'Arena_ALU:inst3|Arena_ALU_OUT[0]'
Slack : -0.963
TNS   : -21.579

Type  : Slow Model Hold 'Arena_ALU_Control_VHDL:ALUCntrl_VHDL|Arena_operation[0]'
Slack : -0.408
TNS   : -0.906

Type  : Slow Model Minimum Pulse Width 'INPUT_WE'
Slack : -2.087
TNS   : -72.066

Type  : Slow Model Minimum Pulse Width 'Arena_clk'
Slack : -1.380
TNS   : -1035.380

Type  : Slow Model Minimum Pulse Width 'Arena_ALU:inst3|Arena_ALU_OUT[0]'
Slack : 0.500
TNS   : 0.000

Type  : Slow Model Minimum Pulse Width 'Arena_ALU_Control_VHDL:ALUCntrl_VHDL|Arena_operation[0]'
Slack : 0.500
TNS   : 0.000

Type  : Slow Model Minimum Pulse Width 'Arena_Control:inst1|Arena_controlLines[3]'
Slack : 0.500
TNS   : 0.000

Type  : Fast Model Setup 'Arena_Control:inst1|Arena_controlLines[3]'
Slack : -5.104
TNS   : -153.481

Type  : Fast Model Setup 'Arena_ALU_Control_VHDL:ALUCntrl_VHDL|Arena_operation[0]'
Slack : -4.463
TNS   : -359.945

Type  : Fast Model Setup 'Arena_ALU:inst3|Arena_ALU_OUT[0]'
Slack : -3.768
TNS   : -18154.212

Type  : Fast Model Setup 'INPUT_WE'
Slack : -2.059
TNS   : -8.450

Type  : Fast Model Setup 'Arena_clk'
Slack : -1.676
TNS   : -1348.940

Type  : Fast Model Hold 'INPUT_WE'
Slack : -2.402
TNS   : -4.275

Type  : Fast Model Hold 'Arena_clk'
Slack : -1.434
TNS   : -323.530

Type  : Fast Model Hold 'Arena_Control:inst1|Arena_controlLines[3]'
Slack : -0.962
TNS   : -3.244

Type  : Fast Model Hold 'Arena_ALU_Control_VHDL:ALUCntrl_VHDL|Arena_operation[0]'
Slack : -0.251
TNS   : -0.472

Type  : Fast Model Hold 'Arena_ALU:inst3|Arena_ALU_OUT[0]'
Slack : -0.082
TNS   : -0.177

Type  : Fast Model Minimum Pulse Width 'Arena_clk'
Slack : -1.380
TNS   : -1035.380

Type  : Fast Model Minimum Pulse Width 'INPUT_WE'
Slack : -1.222
TNS   : -20.202

Type  : Fast Model Minimum Pulse Width 'Arena_ALU:inst3|Arena_ALU_OUT[0]'
Slack : 0.500
TNS   : 0.000

Type  : Fast Model Minimum Pulse Width 'Arena_ALU_Control_VHDL:ALUCntrl_VHDL|Arena_operation[0]'
Slack : 0.500
TNS   : 0.000

Type  : Fast Model Minimum Pulse Width 'Arena_Control:inst1|Arena_controlLines[3]'
Slack : 0.500
TNS   : 0.000

------------------------------------------------------------
